// Jest Snapshot v1, https://goo.gl/fbAQLP

exports[`Pruebas en Marvel app Debe hacer match con el snapshot 1`] = `
<div
  className="main"
>
  <Header />
  <FilterComic
    comics={Array []}
    setComics={[Function]}
  />
  <button
    className="clearBtn"
    onClick={[Function]}
  >
    <i
      class="fa-solid fa-broom"
    />
     Clear filter
  </button>
  <p
    className="animate__animated animate__flash"
  >
    Cargando datos...
  </p>
  <div
    className="comics"
  />
</div>
`;
